================================================================================
PNut-TS Memory Map: test-f256-retcall-xbyte.spin2
Spin2_v41
Generated: 2026-08-14T19:16:02.552Z
================================================================================

=== PROGRAM SUMMARY ===

  Total Size:    1260 bytes (968 code/data + 292 var bytes)
  Objects:       1
  Methods:       1

=== OBJECT HIERARCHY ===

  test-f256-retcall-xbyte  (1 methods)

=== MEMORY LAYOUT ===

  Start   End      Size  Object           Instance         Overrides
  ------  ------  -----  ---------------  ---------------  ---------
  $00000  $003C4    965  test-f256-retcall-xbyte  (entry)          

    CODE/DATA TOTAL:     968 bytes

  $003C8  $004EB    292  VAR SPACE        (runtime)      

    PROGRAM TOTAL:      1260 bytes

=== OBJECT DETAILS ===

--- test-f256-retcall-xbyte ---
    Location: $00000-$003C4 (965 bytes)
    VAR Base: $003C8
    Source:   test-f256-retcall-xbyte.spin2

    Methods:
      MAIN                  Entry $00000  ($00000)

    DAT:
      LONG      DISP0                 +$0018C  ($0018C)
      BYTE      PROG0                 +$0019C  ($0019C)
      LONG      DISP1                 +$001A0  ($001A0)
      LONG      DISP2                 +$001B0  ($001B0)
      BYTE      PROG1                 +$001C0  ($001C0)
      BYTE      PROG2                 +$001C5  ($001C5)

    PASM Labels:
      ENGINE_LUT            COG $000  HUB $00000
      PL                    COG $01B  HUB $0006C
      TP                    COG $01C  HUB $00070
      TA                    COG $01D  HUB $00074
      TB                    COG $01E  HUB $00078
      TC                    COG $01F  HUB $0007C
      ENGINE_NULL           COG $000  HUB $00000
      LP'0007               COG $002  HUB $00008
      PN                    COG $008  HUB $00020
      TN                    COG $009  HUB $00024
      VN                    COG $00A  HUB $00028
      ENGINE0               COG $000  HUB $00000
      H_BUMP0               COG $016  HUB $00058
      H_HALT0               COG $018  HUB $00060
      BUMP0                 COG $019  HUB $00064
      STOP0                 COG $01E  HUB $00078
      PBLK0                 COG $020  HUB $00080
      TQ0                   COG $021  HUB $00084
      TV0                   COG $022  HUB $00088
      ENGINE1               COG $000  HUB $00000
      H_PLAIN               COG $008  HUB $00020
      H_RETCALL             COG $00A  HUB $00028
      H_BREAK               COG $00C  HUB $00030
      H_HALT                COG $00E  HUB $00038
      BUMP                  COG $012  HUB $00048
      HELPER                COG $017  HUB $0005C
      STOP1                 COG $01B  HUB $0006C
      MARK                  COG $01D  HUB $00074
      PBLK                  COG $01E  HUB $00078
      TQ                    COG $01F  HUB $0007C
      TV                    COG $020  HUB $00080
      ENGINE2               COG $000  HUB $00000
      H_PLAIN2              COG $008  HUB $00020
      H_RETCALL2            COG $00A  HUB $00028
      H_BREAK2              COG $00C  HUB $00030
      H_HALT2               COG $00E  HUB $00038
      BUMP2                 COG $012  HUB $00048
      HELPER2               COG $017  HUB $0005C
      STOP2                 COG $01B  HUB $0006C
      MARK2                 COG $01D  HUB $00074
      PBLK2                 COG $01E  HUB $00078
      TQ2                   COG $01F  HUB $0007C
      TV2                   COG $020  HUB $00080

    VAR:
      LONG      BLK                   +$0004  ($003CC)
      LONG      STACK                 +$0024  ($003EC)

=== ADDRESS INDEX ===

  Address  Type      Object           Name
  -------  --------  ---------------  ---------------
   $00000  CODE      test-f256-retcall-xbyte  (entry)
   $00000  METHOD    test-f256-retcall-xbyte  MAIN

  Entries: 2

=== SYMBOL INDEX ===

  Symbol                Object           Type      Location
  --------------------  ---------------  --------  ----------
  BLK                   test-f256-retcall-xbyte  VAR       $003CC
  BUMP                  test-f256-retcall-xbyte  PASM      COG $012  HUB $00048
  BUMP0                 test-f256-retcall-xbyte  PASM      COG $019  HUB $00064
  BUMP2                 test-f256-retcall-xbyte  PASM      COG $012  HUB $00048
  DISP0                 test-f256-retcall-xbyte  DAT       $0018C
  DISP1                 test-f256-retcall-xbyte  DAT       $001A0
  DISP2                 test-f256-retcall-xbyte  DAT       $001B0
  ENGINE_LUT            test-f256-retcall-xbyte  PASM      COG $000  HUB $00000
  ENGINE_NULL           test-f256-retcall-xbyte  PASM      COG $000  HUB $00000
  ENGINE0               test-f256-retcall-xbyte  PASM      COG $000  HUB $00000
  ENGINE1               test-f256-retcall-xbyte  PASM      COG $000  HUB $00000
  ENGINE2               test-f256-retcall-xbyte  PASM      COG $000  HUB $00000
  H_BREAK               test-f256-retcall-xbyte  PASM      COG $00C  HUB $00030
  H_BREAK2              test-f256-retcall-xbyte  PASM      COG $00C  HUB $00030
  H_BUMP0               test-f256-retcall-xbyte  PASM      COG $016  HUB $00058
  H_HALT                test-f256-retcall-xbyte  PASM      COG $00E  HUB $00038
  H_HALT0               test-f256-retcall-xbyte  PASM      COG $018  HUB $00060
  H_HALT2               test-f256-retcall-xbyte  PASM      COG $00E  HUB $00038
  H_PLAIN               test-f256-retcall-xbyte  PASM      COG $008  HUB $00020
  H_PLAIN2              test-f256-retcall-xbyte  PASM      COG $008  HUB $00020
  H_RETCALL             test-f256-retcall-xbyte  PASM      COG $00A  HUB $00028
  H_RETCALL2            test-f256-retcall-xbyte  PASM      COG $00A  HUB $00028
  HELPER                test-f256-retcall-xbyte  PASM      COG $017  HUB $0005C
  HELPER2               test-f256-retcall-xbyte  PASM      COG $017  HUB $0005C
  LP'0007               test-f256-retcall-xbyte  PASM      COG $002  HUB $00008
  MAIN                  test-f256-retcall-xbyte  METHOD    $00000
  MARK                  test-f256-retcall-xbyte  PASM      COG $01D  HUB $00074
  MARK2                 test-f256-retcall-xbyte  PASM      COG $01D  HUB $00074
  PBLK                  test-f256-retcall-xbyte  PASM      COG $01E  HUB $00078
  PBLK0                 test-f256-retcall-xbyte  PASM      COG $020  HUB $00080
  PBLK2                 test-f256-retcall-xbyte  PASM      COG $01E  HUB $00078
  PL                    test-f256-retcall-xbyte  PASM      COG $01B  HUB $0006C
  PN                    test-f256-retcall-xbyte  PASM      COG $008  HUB $00020
  PROG0                 test-f256-retcall-xbyte  DAT       $0019C
  PROG1                 test-f256-retcall-xbyte  DAT       $001C0
  PROG2                 test-f256-retcall-xbyte  DAT       $001C5
  STACK                 test-f256-retcall-xbyte  VAR       $003EC
  STOP0                 test-f256-retcall-xbyte  PASM      COG $01E  HUB $00078
  STOP1                 test-f256-retcall-xbyte  PASM      COG $01B  HUB $0006C
  STOP2                 test-f256-retcall-xbyte  PASM      COG $01B  HUB $0006C
  TA                    test-f256-retcall-xbyte  PASM      COG $01D  HUB $00074
  TB                    test-f256-retcall-xbyte  PASM      COG $01E  HUB $00078
  TC                    test-f256-retcall-xbyte  PASM      COG $01F  HUB $0007C
  TN                    test-f256-retcall-xbyte  PASM      COG $009  HUB $00024
  TP                    test-f256-retcall-xbyte  PASM      COG $01C  HUB $00070
  TQ                    test-f256-retcall-xbyte  PASM      COG $01F  HUB $0007C
  TQ0                   test-f256-retcall-xbyte  PASM      COG $021  HUB $00084
  TQ2                   test-f256-retcall-xbyte  PASM      COG $01F  HUB $0007C
  TV                    test-f256-retcall-xbyte  PASM      COG $020  HUB $00080
  TV0                   test-f256-retcall-xbyte  PASM      COG $022  HUB $00088
  TV2                   test-f256-retcall-xbyte  PASM      COG $020  HUB $00080
  VN                    test-f256-retcall-xbyte  PASM      COG $00A  HUB $00028

  Symbols: 52

