================================================================================
PNut-TS Memory Map: test-f256-retcall-xbyte.spin2
Spin2_v41
Generated: 2026-08-14T20:19:42.962Z
================================================================================

=== PROGRAM SUMMARY ===

  Total Size:    1608 bytes (1332 code/data + 276 var bytes)
  Objects:       1
  Methods:       7

=== OBJECT HIERARCHY ===

  test-f256-retcall-xbyte  (7 methods)

=== MEMORY LAYOUT ===

  Start   End      Size  Object           Instance         Overrides
  ------  ------  -----  ---------------  ---------------  ---------
  $00000  $00533   1332  test-f256-retcall-xbyte  (entry)          

    CODE/DATA TOTAL:    1332 bytes

  $00534  $00647    276  VAR SPACE        (runtime)      

    PROGRAM TOTAL:      1608 bytes

=== OBJECT DETAILS ===

--- test-f256-retcall-xbyte ---
    Location: $00000-$00533 (1332 bytes)
    VAR Base: $00534
    Source:   test-f256-retcall-xbyte.spin2

    Methods:
      MAIN                  Entry $00000  ($00000)
      VERDICT               Entry $00001  ($00001)
      NORM                  Entry $00002  ($00002)
      REPORT                Entry $00003  ($00003)
      NAME_OF               Entry $00004  ($00004)
      RUN_VM                Entry $00005  ($00005)
      STOP_HERE             Entry $00006  ($00006)

    DAT:
      BYTE      S_PLAIN               +$00020  ($00020)
      BYTE      S_RETCALL             +$00028  ($00028)
      BYTE      S_CALLRET             +$00040  ($00040)
      BYTE      S_BREAK               +$00058  ($00058)
      BYTE      S_HALT                +$00072  ($00072)
      BYTE      S_HELP_RC             +$00079  ($00079)
      BYTE      S_HELP_CR             +$0009B  ($0009B)
      BYTE      S_UNKNOWN             +$000BD  ($000BD)
      LONG      DISP                  +$00271  ($00271)
      BYTE      PROGRC                +$00291  ($00291)
      BYTE      PROGCR                +$00295  ($00295)
      BYTE      PROGBK                +$00299  ($00299)

    PASM Labels:
      ENGINE_NULL           COG $000  HUB $00000
      LP'0009               COG $003  HUB $0000C
      PN                    COG $009  HUB $00024
      TN                    COG $00A  HUB $00028
      VN                    COG $00B  HUB $0002C
      ENGINE_ADDR           COG $000  HUB $00000
      PA                    COG $023  HUB $0008C
      TA                    COG $024  HUB $00090
      TB                    COG $025  HUB $00094
      TC                    COG $026  HUB $00098
      TQ                    COG $027  HUB $0009C
      ENGINE_VM             COG $000  HUB $00000
      H_PLAIN               COG $012  HUB $00048
      H_RETCALL             COG $015  HUB $00054
      H_CALLRET             COG $01A  HUB $00068
      H_BREAK               COG $020  HUB $00080
      H_HALT                COG $023  HUB $0008C
      HELPER                COG $026  HUB $00098
      APPEND                COG $030  HUB $000C0
      VM_STOP               COG $03B  HUB $000EC
      PBLK                  COG $040  HUB $00100
      TQ                    COG $041  HUB $00104
      TC                    COG $042  HUB $00108
      TW                    COG $043  HUB $0010C
      TOK                   COG $044  HUB $00110
      TV                    COG $045  HUB $00114
      HID                   COG $046  HUB $00118
      HSLOT                 COG $047  HUB $0011C
      TRET                  COG $048  HUB $00120
      TPROG                 COG $049  HUB $00124

    VAR:
      LONG      BLK                   +$0004  ($00538)
      LONG      TRAILA                +$0084  ($005B8)
      LONG      CNTA                  +$00C4  ($005F8)
      LONG      RADR_RC               +$00C8  ($005FC)
      LONG      TRAILB                +$00CC  ($00600)
      LONG      CNTB                  +$010C  ($00640)
      LONG      RADR_CR               +$0110  ($00644)

=== ADDRESS INDEX ===

  Address  Type      Object           Name
  -------  --------  ---------------  ---------------
   $00000  CODE      test-f256-retcall-xbyte  (entry)
   $00000  METHOD    test-f256-retcall-xbyte  MAIN
   $00001  METHOD    test-f256-retcall-xbyte  VERDICT
   $00002  METHOD    test-f256-retcall-xbyte  NORM
   $00003  METHOD    test-f256-retcall-xbyte  REPORT
   $00004  METHOD    test-f256-retcall-xbyte  NAME_OF
   $00005  METHOD    test-f256-retcall-xbyte  RUN_VM
   $00006  METHOD    test-f256-retcall-xbyte  STOP_HERE

  Entries: 8

=== SYMBOL INDEX ===

  Symbol                Object           Type      Location
  --------------------  ---------------  --------  ----------
  APPEND                test-f256-retcall-xbyte  PASM      COG $030  HUB $000C0
  BLK                   test-f256-retcall-xbyte  VAR       $00538
  CNTA                  test-f256-retcall-xbyte  VAR       $005F8
  CNTB                  test-f256-retcall-xbyte  VAR       $00640
  DISP                  test-f256-retcall-xbyte  DAT       $00271
  ENGINE_ADDR           test-f256-retcall-xbyte  PASM      COG $000  HUB $00000
  ENGINE_NULL           test-f256-retcall-xbyte  PASM      COG $000  HUB $00000
  ENGINE_VM             test-f256-retcall-xbyte  PASM      COG $000  HUB $00000
  H_BREAK               test-f256-retcall-xbyte  PASM      COG $020  HUB $00080
  H_CALLRET             test-f256-retcall-xbyte  PASM      COG $01A  HUB $00068
  H_HALT                test-f256-retcall-xbyte  PASM      COG $023  HUB $0008C
  H_PLAIN               test-f256-retcall-xbyte  PASM      COG $012  HUB $00048
  H_RETCALL             test-f256-retcall-xbyte  PASM      COG $015  HUB $00054
  HELPER                test-f256-retcall-xbyte  PASM      COG $026  HUB $00098
  HID                   test-f256-retcall-xbyte  PASM      COG $046  HUB $00118
  HSLOT                 test-f256-retcall-xbyte  PASM      COG $047  HUB $0011C
  LP'0009               test-f256-retcall-xbyte  PASM      COG $003  HUB $0000C
  MAIN                  test-f256-retcall-xbyte  METHOD    $00000
  NAME_OF               test-f256-retcall-xbyte  METHOD    $00004
  NORM                  test-f256-retcall-xbyte  METHOD    $00002
  PA                    test-f256-retcall-xbyte  PASM      COG $023  HUB $0008C
  PBLK                  test-f256-retcall-xbyte  PASM      COG $040  HUB $00100
  PN                    test-f256-retcall-xbyte  PASM      COG $009  HUB $00024
  PROGBK                test-f256-retcall-xbyte  DAT       $00299
  PROGCR                test-f256-retcall-xbyte  DAT       $00295
  PROGRC                test-f256-retcall-xbyte  DAT       $00291
  RADR_CR               test-f256-retcall-xbyte  VAR       $00644
  RADR_RC               test-f256-retcall-xbyte  VAR       $005FC
  REPORT                test-f256-retcall-xbyte  METHOD    $00003
  RUN_VM                test-f256-retcall-xbyte  METHOD    $00005
  S_BREAK               test-f256-retcall-xbyte  DAT       $00058
  S_CALLRET             test-f256-retcall-xbyte  DAT       $00040
  S_HALT                test-f256-retcall-xbyte  DAT       $00072
  S_HELP_CR             test-f256-retcall-xbyte  DAT       $0009B
  S_HELP_RC             test-f256-retcall-xbyte  DAT       $00079
  S_PLAIN               test-f256-retcall-xbyte  DAT       $00020
  S_RETCALL             test-f256-retcall-xbyte  DAT       $00028
  S_UNKNOWN             test-f256-retcall-xbyte  DAT       $000BD
  STOP_HERE             test-f256-retcall-xbyte  METHOD    $00006
  TA                    test-f256-retcall-xbyte  PASM      COG $024  HUB $00090
  TB                    test-f256-retcall-xbyte  PASM      COG $025  HUB $00094
  TC                    test-f256-retcall-xbyte  PASM      COG $026  HUB $00098
  TC                    test-f256-retcall-xbyte  PASM      COG $042  HUB $00108
  TN                    test-f256-retcall-xbyte  PASM      COG $00A  HUB $00028
  TOK                   test-f256-retcall-xbyte  PASM      COG $044  HUB $00110
  TPROG                 test-f256-retcall-xbyte  PASM      COG $049  HUB $00124
  TQ                    test-f256-retcall-xbyte  PASM      COG $027  HUB $0009C
  TQ                    test-f256-retcall-xbyte  PASM      COG $041  HUB $00104
  TRAILA                test-f256-retcall-xbyte  VAR       $005B8
  TRAILB                test-f256-retcall-xbyte  VAR       $00600
  TRET                  test-f256-retcall-xbyte  PASM      COG $048  HUB $00120
  TV                    test-f256-retcall-xbyte  PASM      COG $045  HUB $00114
  TW                    test-f256-retcall-xbyte  PASM      COG $043  HUB $0010C
  VERDICT               test-f256-retcall-xbyte  METHOD    $00001
  VM_STOP               test-f256-retcall-xbyte  PASM      COG $03B  HUB $000EC
  VN                    test-f256-retcall-xbyte  PASM      COG $00B  HUB $0002C

  Symbols: 56

